// Jest Snapshot v1, https://goo.gl/fbAQLP

exports[`creates the state machine 1`] = `
[
  <input
    onChange={[Function]}
    type="text"
  />,
  <button
    onClick={[Function]}
  >
    Add State
  </button>,
  <svg
    width={1000}
  >
    <circle
      cx={50}
      cy={60}
      r={50}
    />
    <text
      alignmentBaseline="middle"
      textAnchor="middle"
      x={50}
      y={60}
    >
      A
    </text>
    <line
      className="arrow"
      x1={100}
      x2={200}
      y1={60}
      y2={60}
    />
    <circle
      cx={250}
      cy={60}
      r={50}
    />
    <text
      alignmentBaseline="middle"
      textAnchor="middle"
      x={250}
      y={60}
    >
      B
    </text>
    <line
      className="arrow"
      x1={300}
      x2={400}
      y1={60}
      y2={60}
    />
    <circle
      cx={450}
      cy={60}
      r={50}
    />
    <text
      alignmentBaseline="middle"
      textAnchor="middle"
      x={450}
      y={60}
    >
      C
    </text>
    <line
      className="arrow"
      x1={500}
      x2={600}
      y1={60}
      y2={60}
    />
    <circle
      cx={650}
      cy={60}
      r={50}
    />
    <text
      alignmentBaseline="middle"
      textAnchor="middle"
      x={650}
      y={60}
    >
      D
    </text>
    <line
      className="arrow"
      x1={700}
      x2={800}
      y1={60}
      y2={60}
    />
    <circle
      cx={850}
      cy={60}
      r={50}
    />
    <text
      alignmentBaseline="middle"
      textAnchor="middle"
      x={850}
      y={60}
    >
      E
    </text>
  </svg>,
]
`;
